ko01110	Metabolism	Global and overview maps
ko01120	Metabolism	Global and overview maps
ko01200	Metabolism	Global and overview maps
ko01210	Metabolism	Global and overview maps
ko01212	Metabolism	Global and overview maps
ko01230	Metabolism	Global and overview maps
ko01232	Metabolism	Global and overview maps
ko01250	Metabolism	Global and overview maps
ko01240	Metabolism	Global and overview maps
ko01220	Metabolism	Global and overview maps
ko00010	Metabolism	Carbohydrate metabolism
ko00020	Metabolism	Carbohydrate metabolism
ko00030	Metabolism	Carbohydrate metabolism
ko00040	Metabolism	Carbohydrate metabolism
ko00051	Metabolism	Carbohydrate metabolism
ko00052	Metabolism	Carbohydrate metabolism
ko00053	Metabolism	Carbohydrate metabolism
ko00500	Metabolism	Carbohydrate metabolism
ko00520	Metabolism	Carbohydrate metabolism
ko00620	Metabolism	Carbohydrate metabolism
ko00630	Metabolism	Carbohydrate metabolism
ko00640	Metabolism	Carbohydrate metabolism
ko00650	Metabolism	Carbohydrate metabolism
ko00660	Metabolism	Carbohydrate metabolism
ko00562	Metabolism	Carbohydrate metabolism
ko00190	Metabolism	Energy metabolism
ko00195	Metabolism	Energy metabolism
ko00196	Metabolism	Energy metabolism
ko00710	Metabolism	Energy metabolism
ko00720	Metabolism	Energy metabolism
ko00680	Metabolism	Energy metabolism
ko00910	Metabolism	Energy metabolism
ko00920	Metabolism	Energy metabolism
ko00061	Metabolism	Lipid metabolism
ko00062	Metabolism	Lipid metabolism
ko00071	Metabolism	Lipid metabolism
ko00073	Metabolism	Lipid metabolism
ko00100	Metabolism	Lipid metabolism
ko00120	Metabolism	Lipid metabolism
ko00121	Metabolism	Lipid metabolism
ko00140	Metabolism	Lipid metabolism
ko00561	Metabolism	Lipid metabolism
ko00564	Metabolism	Lipid metabolism
ko00565	Metabolism	Lipid metabolism
ko00600	Metabolism	Lipid metabolism
ko00590	Metabolism	Lipid metabolism
ko00591	Metabolism	Lipid metabolism
ko00592	Metabolism	Lipid metabolism
ko01040	Metabolism	Lipid metabolism
ko00230	Metabolism	Nucleotide metabolism
ko00240	Metabolism	Nucleotide metabolism
ko00250	Metabolism	Amino acid metabolism
ko00260	Metabolism	Amino acid metabolism
ko00270	Metabolism	Amino acid metabolism
ko00280	Metabolism	Amino acid metabolism
ko00290	Metabolism	Amino acid metabolism
ko00300	Metabolism	Amino acid metabolism
ko00310	Metabolism	Amino acid metabolism
ko00220	Metabolism	Amino acid metabolism
ko00330	Metabolism	Amino acid metabolism
ko00340	Metabolism	Amino acid metabolism
ko00350	Metabolism	Amino acid metabolism
ko00360	Metabolism	Amino acid metabolism
ko00380	Metabolism	Amino acid metabolism
ko00400	Metabolism	Amino acid metabolism
ko00410	Metabolism	Metabolism of other amino acids
ko00430	Metabolism	Metabolism of other amino acids
ko00440	Metabolism	Metabolism of other amino acids
ko00450	Metabolism	Metabolism of other amino acids
ko00460	Metabolism	Metabolism of other amino acids
ko00470	Metabolism	Metabolism of other amino acids
ko00480	Metabolism	Metabolism of other amino acids
ko00510	Metabolism	Glycan biosynthesis and metabolism
ko00513	Metabolism	Glycan biosynthesis and metabolism
ko00512	Metabolism	Glycan biosynthesis and metabolism
ko00515	Metabolism	Glycan biosynthesis and metabolism
ko00514	Metabolism	Glycan biosynthesis and metabolism
ko00532	Metabolism	Glycan biosynthesis and metabolism
ko00534	Metabolism	Glycan biosynthesis and metabolism
ko00533	Metabolism	Glycan biosynthesis and metabolism
ko00531	Metabolism	Glycan biosynthesis and metabolism
ko00563	Metabolism	Glycan biosynthesis and metabolism
ko00601	Metabolism	Glycan biosynthesis and metabolism
ko00603	Metabolism	Glycan biosynthesis and metabolism
ko00604	Metabolism	Glycan biosynthesis and metabolism
ko00511	Metabolism	Glycan biosynthesis and metabolism
ko00540	Metabolism	Glycan biosynthesis and metabolism
ko00542	Metabolism	Glycan biosynthesis and metabolism
ko00541	Metabolism	Glycan biosynthesis and metabolism
ko00550	Metabolism	Glycan biosynthesis and metabolism
ko00552	Metabolism	Glycan biosynthesis and metabolism
ko00571	Metabolism	Glycan biosynthesis and metabolism
ko00572	Metabolism	Glycan biosynthesis and metabolism
ko00543	Metabolism	Glycan biosynthesis and metabolism
ko00730	Metabolism	Metabolism of cofactors and vitamins
ko00740	Metabolism	Metabolism of cofactors and vitamins
ko00750	Metabolism	Metabolism of cofactors and vitamins
ko00760	Metabolism	Metabolism of cofactors and vitamins
ko00770	Metabolism	Metabolism of cofactors and vitamins
ko00780	Metabolism	Metabolism of cofactors and vitamins
ko00785	Metabolism	Metabolism of cofactors and vitamins
ko00790	Metabolism	Metabolism of cofactors and vitamins
ko00670	Metabolism	Metabolism of cofactors and vitamins
ko00830	Metabolism	Metabolism of cofactors and vitamins
ko00860	Metabolism	Metabolism of cofactors and vitamins
ko00130	Metabolism	Metabolism of cofactors and vitamins
ko00900	Metabolism	Metabolism of terpenoids and polyketides
ko00902	Metabolism	Metabolism of terpenoids and polyketides
ko00909	Metabolism	Metabolism of terpenoids and polyketides
ko00904	Metabolism	Metabolism of terpenoids and polyketides
ko00906	Metabolism	Metabolism of terpenoids and polyketides
ko00905	Metabolism	Metabolism of terpenoids and polyketides
ko00981	Metabolism	Metabolism of terpenoids and polyketides
ko00908	Metabolism	Metabolism of terpenoids and polyketides
ko00903	Metabolism	Metabolism of terpenoids and polyketides
ko00907	Metabolism	Metabolism of terpenoids and polyketides
ko01052	Metabolism	Metabolism of terpenoids and polyketides
ko00522	Metabolism	Metabolism of terpenoids and polyketides
ko01051	Metabolism	Metabolism of terpenoids and polyketides
ko01059	Metabolism	Metabolism of terpenoids and polyketides
ko01056	Metabolism	Metabolism of terpenoids and polyketides
ko01057	Metabolism	Metabolism of terpenoids and polyketides
ko00253	Metabolism	Metabolism of terpenoids and polyketides
ko00523	Metabolism	Metabolism of terpenoids and polyketides
ko01054	Metabolism	Metabolism of terpenoids and polyketides
ko01053	Metabolism	Metabolism of terpenoids and polyketides
ko01055	Metabolism	Metabolism of terpenoids and polyketides
ko00940	Metabolism	Biosynthesis of other secondary metabolites
ko00945	Metabolism	Biosynthesis of other secondary metabolites
ko00941	Metabolism	Biosynthesis of other secondary metabolites
ko00944	Metabolism	Biosynthesis of other secondary metabolites
ko00942	Metabolism	Biosynthesis of other secondary metabolites
ko00943	Metabolism	Biosynthesis of other secondary metabolites
ko00946	Metabolism	Biosynthesis of other secondary metabolites
ko00901	Metabolism	Biosynthesis of other secondary metabolites
ko00403	Metabolism	Biosynthesis of other secondary metabolites
ko00950	Metabolism	Biosynthesis of other secondary metabolites
ko00960	Metabolism	Biosynthesis of other secondary metabolites
ko00996	Metabolism	Biosynthesis of other secondary metabolites
ko00232	Metabolism	Biosynthesis of other secondary metabolites
ko00965	Metabolism	Biosynthesis of other secondary metabolites
ko00966	Metabolism	Biosynthesis of other secondary metabolites
ko00402	Metabolism	Biosynthesis of other secondary metabolites
ko00311	Metabolism	Biosynthesis of other secondary metabolites
ko00332	Metabolism	Biosynthesis of other secondary metabolites
ko00261	Metabolism	Biosynthesis of other secondary metabolites
ko00331	Metabolism	Biosynthesis of other secondary metabolites
ko00521	Metabolism	Biosynthesis of other secondary metabolites
ko00524	Metabolism	Biosynthesis of other secondary metabolites
ko00525	Metabolism	Biosynthesis of other secondary metabolites
ko00401	Metabolism	Biosynthesis of other secondary metabolites
ko00404	Metabolism	Biosynthesis of other secondary metabolites
ko00405	Metabolism	Biosynthesis of other secondary metabolites
ko00333	Metabolism	Biosynthesis of other secondary metabolites
ko00254	Metabolism	Biosynthesis of other secondary metabolites
ko00998	Metabolism	Biosynthesis of other secondary metabolites
ko00999	Metabolism	Biosynthesis of other secondary metabolites
ko00997	Metabolism	Biosynthesis of other secondary metabolites
ko00362	Metabolism	Xenobiotics biodegradation and metabolism
ko00627	Metabolism	Xenobiotics biodegradation and metabolism
ko00364	Metabolism	Xenobiotics biodegradation and metabolism
ko00625	Metabolism	Xenobiotics biodegradation and metabolism
ko00361	Metabolism	Xenobiotics biodegradation and metabolism
ko00623	Metabolism	Xenobiotics biodegradation and metabolism
ko00622	Metabolism	Xenobiotics biodegradation and metabolism
ko00633	Metabolism	Xenobiotics biodegradation and metabolism
ko00642	Metabolism	Xenobiotics biodegradation and metabolism
ko00643	Metabolism	Xenobiotics biodegradation and metabolism
ko00791	Metabolism	Xenobiotics biodegradation and metabolism
ko00930	Metabolism	Xenobiotics biodegradation and metabolism
ko00363	Metabolism	Xenobiotics biodegradation and metabolism
ko00621	Metabolism	Xenobiotics biodegradation and metabolism
ko00626	Metabolism	Xenobiotics biodegradation and metabolism
ko00624	Metabolism	Xenobiotics biodegradation and metabolism
ko00365	Metabolism	Xenobiotics biodegradation and metabolism
ko00984	Metabolism	Xenobiotics biodegradation and metabolism
ko00980	Metabolism	Xenobiotics biodegradation and metabolism
ko00982	Metabolism	Xenobiotics biodegradation and metabolism
ko00983	Metabolism	Xenobiotics biodegradation and metabolism
ko01010	Metabolism	Chemical structure transformation maps
ko01060	Metabolism	Chemical structure transformation maps
ko01061	Metabolism	Chemical structure transformation maps
ko01062	Metabolism	Chemical structure transformation maps
ko01063	Metabolism	Chemical structure transformation maps
ko01064	Metabolism	Chemical structure transformation maps
ko01065	Metabolism	Chemical structure transformation maps
ko01066	Metabolism	Chemical structure transformation maps
ko01070	Metabolism	Chemical structure transformation maps
ko03020	Genetic Information Processing	Transcription
ko03022	Genetic Information Processing	Transcription
ko03040	Genetic Information Processing	Transcription
ko03010	Genetic Information Processing	Translation
ko00970	Genetic Information Processing	Translation
ko03013	Genetic Information Processing	Translation
ko03015	Genetic Information Processing	Translation
ko03008	Genetic Information Processing	Translation
ko03060	Genetic Information Processing	Folding, sorting and degradation
ko04141	Genetic Information Processing	Folding, sorting and degradation
ko04130	Genetic Information Processing	Folding, sorting and degradation
ko04120	Genetic Information Processing	Folding, sorting and degradation
ko04122	Genetic Information Processing	Folding, sorting and degradation
ko03050	Genetic Information Processing	Folding, sorting and degradation
ko03018	Genetic Information Processing	Folding, sorting and degradation
ko03030	Genetic Information Processing	Replication and repair
ko03410	Genetic Information Processing	Replication and repair
ko03420	Genetic Information Processing	Replication and repair
ko03430	Genetic Information Processing	Replication and repair
ko03440	Genetic Information Processing	Replication and repair
ko03450	Genetic Information Processing	Replication and repair
ko03460	Genetic Information Processing	Replication and repair
ko03230	Genetic Information Processing	Information processing in viruses
ko03240	Genetic Information Processing	Information processing in viruses
ko03250	Genetic Information Processing	Information processing in viruses
ko03260	Genetic Information Processing	Information processing in viruses
ko03262	Genetic Information Processing	Information processing in viruses
ko03261	Genetic Information Processing	Information processing in viruses
ko03263	Genetic Information Processing	Information processing in viruses
ko03264	Genetic Information Processing	Information processing in viruses
ko03265	Genetic Information Processing	Information processing in viruses
ko03266	Genetic Information Processing	Information processing in viruses
ko03268	Genetic Information Processing	Information processing in viruses
ko03267	Genetic Information Processing	Information processing in viruses
ko02010	Environmental Information Processing	Membrane transport
ko02060	Environmental Information Processing	Membrane transport
ko03070	Environmental Information Processing	Membrane transport
ko02020	Environmental Information Processing	Signal transduction
ko04010	Environmental Information Processing	Signal transduction
ko04013	Environmental Information Processing	Signal transduction
ko04016	Environmental Information Processing	Signal transduction
ko04011	Environmental Information Processing	Signal transduction
ko04012	Environmental Information Processing	Signal transduction
ko04014	Environmental Information Processing	Signal transduction
ko04015	Environmental Information Processing	Signal transduction
ko04310	Environmental Information Processing	Signal transduction
ko04330	Environmental Information Processing	Signal transduction
ko04340	Environmental Information Processing	Signal transduction
ko04341	Environmental Information Processing	Signal transduction
ko04350	Environmental Information Processing	Signal transduction
ko04390	Environmental Information Processing	Signal transduction
ko04391	Environmental Information Processing	Signal transduction
ko04392	Environmental Information Processing	Signal transduction
ko04370	Environmental Information Processing	Signal transduction
ko04371	Environmental Information Processing	Signal transduction
ko04630	Environmental Information Processing	Signal transduction
ko04064	Environmental Information Processing	Signal transduction
ko04668	Environmental Information Processing	Signal transduction
ko04066	Environmental Information Processing	Signal transduction
ko04068	Environmental Information Processing	Signal transduction
ko04020	Environmental Information Processing	Signal transduction
ko04070	Environmental Information Processing	Signal transduction
ko04072	Environmental Information Processing	Signal transduction
ko04071	Environmental Information Processing	Signal transduction
ko04024	Environmental Information Processing	Signal transduction
ko04022	Environmental Information Processing	Signal transduction
ko04151	Environmental Information Processing	Signal transduction
ko04152	Environmental Information Processing	Signal transduction
ko04150	Environmental Information Processing	Signal transduction
ko04075	Environmental Information Processing	Signal transduction
ko04080	Environmental Information Processing	Signaling molecules and interaction
ko04060	Environmental Information Processing	Signaling molecules and interaction
ko04061	Environmental Information Processing	Signaling molecules and interaction
ko04512	Environmental Information Processing	Signaling molecules and interaction
ko04514	Environmental Information Processing	Signaling molecules and interaction
ko02024	Cellular processes	Cellular community - prokaryotes
ko05111	Cellular processes	Cellular community - prokaryotes
ko02025	Cellular processes	Cellular community - prokaryotes
ko02026	Cellular processes	Cellular community - prokaryotes
ko02030	Cellular processes	Cell motility
ko02040	Cellular processes	Cell motility
ko04112	Cellular processes	Cell growth and death
ko04110	Cellular processes	Cell growth and death
ko04810	Cellular processes	Cell motility